// Jest Snapshot v1, https://goo.gl/fbAQLP

exports[`renders correctly 1`] = `
<Text
  style={
    Object {
      "fontSize": 18,
      "fontWeight": "bold",
      "marginHorizontal": 16,
      "paddingVertical": 8,
    }
  }
/>
`;
