// Jest Snapshot v1, https://goo.gl/fbAQLP

exports[`renders correctly 1`] = `
<View
  accessible={true}
  focusable={false}
  onClick={[Function]}
  onResponderGrant={[Function]}
  onResponderMove={[Function]}
  onResponderRelease={[Function]}
  onResponderTerminate={[Function]}
  onResponderTerminationRequest={[Function]}
  onStartShouldSetResponder={[Function]}
  style={
    Object {
      "opacity": 1,
    }
  }
>
  <View
    style={
      Object {
        "backgroundColor": "#FFFFFF",
        "borderRadius": 8,
        "display": "flex",
        "flexDirection": "row",
        "justifyContent": "space-between",
        "marginHorizontal": 16,
        "overflow": "hidden",
      }
    }
  >
    <View
      style={
        Object {
          "flexShrink": 0,
          "padding": 24,
        }
      }
    >
      <Text
        style={
          Object {
            "fontSize": 18,
            "maxWidth": 200,
          }
        }
      />
      <Text
        style={
          Object {
            "alignSelf": "flex-start",
            "backgroundColor": "orange",
            "borderRadius": 4,
            "marginTop": 8,
            "paddingHorizontal": 8,
            "paddingVertical": 4,
          }
        }
      />
    </View>
    <Image
      source={
        Object {
          "uri": "https://image.tmdb.org/t/p/w500undefined",
        }
      }
      style={
        Object {
          "flexGrow": 1,
          "height": "100%",
          "maxWidth": 100,
          "width": 100,
        }
      }
    />
  </View>
</View>
`;
